JWlink Version 1.9beta 13
Portions Copyright (c) 1985-2002 Sybase, Inc. All Rights Reserved.
Created on:       26/10/10 12:31:19
Executable Image: SYMNE.EXE
creating an OS/2 executable


                        +------------+
                        |   Groups   |
                        +------------+

Group                           Address              Size
=====                           =======              ====

DGROUP                          0002:0000            00000440



                        +--------------+
                        |   Segments   |
                        +--------------+

Segment                Class          Group          Address         Size
=======                =====          =====          =======         ====

_TEXT                  CODE           AUTO           0001:0000       00000014
PROG_TEXT              CODE           AUTO           0001:0014       00000048
_DATA                  DATA           DGROUP         0002:0000       0000003a
STACK                  STACK          DGROUP         0002:0040       00000400


                        +----------------+
                        |   Memory Map   |
                        +----------------+

* = unreferenced symbol
+ = symbol only referenced locally

Address        Symbol
=======        ======

Module: prog.obj(prog.c)
0001:0014*     _twice@3
0001:0024*     _bump@3
0001:0041      _run@3
0002:0008*     _counter
0002:000a*     _banner


                        +----------------------+
                        |   Imported Symbols   |
                        +----------------------+

Symbol                              Module
======                              ======



                        +-----------------------+
                        |   Linker Statistics   |
                        +-----------------------+

Stack size:  0400 (1024.)
Memory size:  049c (1180.)
Entry point address: 0001:0000
Link time: 00:00.66
