JWlink Version 1.9beta 13
Portions Copyright (c) 1985-2002 Sybase, Inc. All Rights Reserved.
Created on:       26/10/10 12:58:59
Executable Image: SYMPE.EXE
creating a PE executable


                        +------------+
                        |   Groups   |
                        +------------+

Group                           Address              Size
=====                           =======              ====




                        +--------------+
                        |   Segments   |
                        +--------------+

Segment                Class          Group          Address         Size
=======                =====          =====          =======         ====

_TEXT                  CODE           AUTO           00401000        00000018
PROG_TEXT              CODE           AUTO           00401018        00000050
_DATA                  DATA           AUTO           00402000        0000003c


                        +----------------+
                        |   Memory Map   |
                        +----------------+

* = unreferenced symbol
+ = symbol only referenced locally

Address        Symbol
=======        ======

Module: prog.obj(prog.c)
00401018*      twice_
00401028*      bump_
0040104a       run_
00402008*      _counter
0040200c*      _banner


                        +----------------------+
                        |   Imported Symbols   |
                        +----------------------+

Symbol                              Module
======                              ======



                        +-----------------------+
                        |   Linker Statistics   |
                        +-----------------------+

Stack size:  00100000 (1048576.)
Memory size:  00a4 (164.)
Entry point address: 00401000
Link time: 00:00.74
