
 Start  Stop   Length Name                   Class
 00000H 0013BH 0013CH CVPROBE_CODE           BC_CODE
 00140H 02BB3H 02A74H RTCODE                 CODE
 02BB4H 02BCDH 0001AH STRDSP1_TEXT           CODE
 02BD0H 02EC0H 002F1H _TEXT                  CODE
 02EC2H 02F71H 000B0H INITTERM               CODE
 02F72H 0397CH 00A0BH LMEM                   CODE
 0397EH 039B5H 00038H STRDSP_TEXT            CODE
 039B6H 039E7H 00032H LOADRTM                CODE
 039F0H 03A61H 00072H FOCODE                 CODE
 03A62H 03A62H 00000H C_ETEXT                ENDCODE
 03A70H 03A70H 00000H FDATA                  FAR_DATA
 03A70H 03A79H 0000AH FSL_CONST              FAR_DATA
 03A80H 03ACFH 00050H FAR_DATA               FAR_DATA
 03AD0H 03AD7H 00008H FAR_HDR                FAR_MSG
 03AD8H 04118H 00641H FAR_MSG                FAR_MSG
 04119H 0411AH 00002H FAR_PAD                FAR_MSG
 0411BH 0411BH 00001H FAR_EPAD               FAR_MSG
 04120H 0412FH 00010H NULL                   BEGDATA
 04130H 04137H 00008H NULL2                  BEGDATA
 04140H 04140H 00000H BR_DATA                BLANK
 04140H 0416FH 00030H BR_SKYS                BLANK
 04170H 04170H 00000H COMMON                 BLANK
 04170H 041A7H 00038H BC_DATA                BC_DATA
 041A8H 041A9H 00002H NMALLOC                BC_VARS
 041AAH 041ABH 00002H ENMALLOC               BC_VARS
 041ACH 041ACH 00000H BC_FT                  BC_SEGS
 041B0H 041C7H 00018H BC_CN                  BC_SEGS
 041D0H 041D2H 00003H BC_DS                  BC_SEGS
 041D4H 041D4H 00000H BC_SAB                 BC_SEGS
 041D4H 041D7H 00004H BC_SA                  BC_SEGS
 041D8H 041DBH 00004H BC_SAE                 BC_SEGS
 041DCH 04298H 000BDH _BSS                   DATA
 0429AH 04813H 0057AH _DATA                  DATA
 04814H 0483FH 0002CH CONST                  DATA
 04840H 04840H 00000H XIB                    DATA
 04840H 04843H 00004H XI                     DATA
 04844H 04844H 00000H XIE                    DATA
 04844H 04844H 00000H XECIB                  DATA
 04844H 04844H 00000H XECI                   DATA
 04844H 04844H 00000H XECIE                  DATA
 04844H 04844H 00000H XCB                    DATA
 04844H 04847H 00004H XC                     DATA
 04848H 04848H 00000H XCE                    DATA
 04848H 04855H 0000EH CDATA                  DATA
 04856H 04863H 0000EH DBDATA                 DATA
 04864H 04865H 00002H XIQC                   DATA
 04866H 04866H 00000H XIFB                   DATA
 04866H 04866H 00000H XIF                    DATA
 04866H 04866H 00000H XIFE                   DATA
 04866H 04866H 00000H XPB                    DATA
 04866H 04866H 00000H XP                     DATA
 04866H 04866H 00000H XPE                    DATA
 04866H 04866H 00000H XCFB                   DATA
 04866H 04866H 00000H XCFCRT                 DATA
 04866H 04866H 00000H XCF                    DATA
 04866H 04866H 00000H XCFE                   DATA
 04866H 04866H 00000H XIFCB                  DATA
 04866H 04866H 00000H XIFU                   DATA
 04866H 04866H 00000H XIFL                   DATA
 04866H 04866H 00000H XIFM                   DATA
 04866H 04866H 00000H XIFCE                  DATA
 04866H 04866H 00000H CONST                  CONST
 04866H 04866H 00000H _BSS                   BSS
 04866H 04866H 00000H XOB                    BSS
 04866H 04866H 00000H XO                     BSS
 04866H 04866H 00000H XOE                    BSS
 04866H 04866H 00000H XOFB                   BSS
 04866H 04866H 00000H XOF                    BSS
 04866H 04866H 00000H XOFE                   BSS
 04870H 0586FH 01000H STACK                  STACK

 Origin   Group
 0412:0   DGROUP
 03AD:0   FMGROUP

  Address         Publics by Name

 0412:0266       $AC
 0412:0266       $DAC
 0014:1010       B$$TCR
 0014:1018       B$$WCHT
 0412:0471       b$?TYP
 0412:026A       B$AC
 0412:0675       b$ActPage
 0412:0132       b$Adapter
 0412:0148       b$AddrC
 02F7:051A       B$AdjustDgroupPmi
 0412:0120       b$AFHDStart
 0014:194E       B$AlcTmpSH
 0014:190A       B$AlcTmpSHFAR
 0014:07B4       B$AllocDestStr
 0412:06A4       b$AlphaDim
 0014:0D24       B$ASCRND
 0412:06C0       b$Aspect
 0412:06C2       b$AspectInv
 0014:005E       B$ASSN
 0014:19D3       B$AssureStrTemp
 0412:0147       b$AttrC
 0412:069E       b$BackColor
 0014:10D0       b$BASDSG
 0014:1001       B$BEEP
 0412:068C       b$BiosMode
 0412:06B5       b$BitsPerPixel
 0412:067A       b$BLDSP
 0014:1E2B       B$BLEEP
 0412:0166       b$BorderColor
 0014:06E1       B$BREAK
 0014:1197       B$BreakChkFar
 0014:119B       B$BREAK_CHK
 0412:04B6       b$Buf1
 0412:0537       b$Buf2
 0412:05B8       b$Buf3
 0014:2906       B$BumpDS
 0014:2912       B$BumpES
 0412:068B       b$Burst
 0412:06B7       b$BytesPerRow
 0014:0B73       B$CALCLINE
 0014:0C00       B$CbAllocSb
 0412:04B4       b$cbBuf1
 02F7:05D5       B$CbCompactHeap
 0412:00F7       b$cbERSTR
 0014:0C07       B$CbReallocSb
 0014:0C50       B$CbSizeSb
 0412:0490       b$cCSubs
 0014:065C       B$CENC
 0014:0665       B$CEND
 0014:0640       B$CENP
 0412:046B       b$cFieldedFDBs
 0000:000D  Abs  b$cfileln
 0412:04A0       b$cFormsVisible
 0412:0131       b$CgaInfo
 0412:0260       b$Chaining
 0412:0674       b$CharColor
 0412:0674       b$CharPage
 02F7:048E       B$CheckBlockMove
 0014:14AD       B$CheckMoveStack
 0412:06CC       b$ChkDownC
 0014:0F5A       B$CHKLASTCOL
 0014:2547       B$ChkMonitor
 0412:06C8       b$ChkUpC
 02BD:012B       B$cinitsub
 0412:0114       b$Clearing
 0412:048A       b$cLocalErrors
 0014:1CE0       B$CLRSCN
 0412:0488       b$cModErrors
 0014:0DE0       B$CNINI
 0014:0E14       B$CNKBDRESET
 0014:0E01       B$CNKBDSET
 0014:0E1F       B$CNTERM
 0014:2980       b$ColorPalette
 0412:049C       b$commonfirst
 0412:049E       b$commonlast
 02F7:0729       B$CompactHandles
 0014:1E94       B$CompactSB
 0412:00C6       b$ComPort
 0014:1E3D       B$CON_STROUT
 02F7:09BA       B$CorruptHeap
 02F7:056F       B$CreateHeap
 0014:1BCB       B$CRLF
 0412:05D4       b$CRTWIDTH
 0014:202D       B$CSRDSP
 0412:0672       b$CSRTYP
 0412:05C9       b$CSRX
 0412:05C8       b$CSRY
 0412:0462       b$CtrlFlags
 0412:012F       b$CurEquip
 0412:0467       b$curframe
 0412:046F       b$curlevel
 0412:023D       b$curovlSave
 0412:0675       b$CurPages
 0412:0699       b$CurrPSize
 0412:046D       b$CurSbString
 0412:0122       b$curseg
 0412:05C8       b$CURSOR
 0412:0266       B$DAC
 0014:291E       B$DecDS
 0014:1A16       B$DelString
 0014:1A0B       B$DelStrTemp
 0014:19EA       B$DelStrTempFAR
 0014:19EE       B$DelTempSH
 0014:13E7       B$DIV0
 0412:06BD       b$DivShift
 0014:11AF       B$DOS3CHECK
 0412:0106       b$DOS_INT_MASK
 0412:06CE       b$DownC
 0014:0633       B$DSEG
 0014:062E       B$DSG0
 0412:067A       b$DSP
 0014:29D0       B$EgaPalPut
 0014:29D0       B$EgaPalPutB
 0014:29A0       B$EgaPalReset
 0014:29A0       B$EgaPalResetB
 0014:2A1D       B$EgaPalSet
 0412:012D       b$EgaPalSup
 0014:29F8       B$EgaPalTrans
 0412:069F       b$EgaWrMd
 0412:06F4       b$EightSpaces
 0014:0679       B$END
 0014:0AE7       B$ENFA
 0014:2990       b$EnhPalette
 0014:0417       B$ENRA
 0014:0406       B$ENRD
 0014:0AAA       B$ENSA
 0014:0A97       B$ENSD
 0014:1BC0       B$EnsureFI
 0412:0101       b$ERDEV
 0412:05CE       b$ERDEVP
 0412:047C       b$erradr
 0412:0469       b$errframe
 0412:0486       b$errlin
 0412:0480       b$errmod
 0412:0484       b$errnum
 0014:228C       B$ErrorReturn
 0412:0115       b$errvec
 0014:1262       B$ERR_ACD
 0014:125C       B$ERR_AFE
 039F:000C       B$ERR_BCA_FO
 0014:122C       B$ERR_BFM
 0014:1247       B$ERR_BFN
 0014:123B       B$ERR_BRL
 0014:1244       B$ERR_BRN
 0014:1202       B$ERR_BS
 0014:1250       B$ERR_CBO
 039F:001E       B$ERR_CLO_FO
 039F:005A       B$ERR_CNF_FO
 039F:0069       B$ERR_CRI_FO
 039F:0027       B$ERR_CUN_FO
 039F:0021       B$ERR_CUO_FO
 0014:1205       B$ERR_DD
 0014:123E       B$ERR_DFL
 0014:1259       B$ERR_DME
 0014:124D       B$ERR_DNA
 0014:1256       B$ERR_DNR
 0014:1217       B$ERR_DTO
 0014:1208       B$ERR_DV0
 0014:121A       B$ERR_DVF
 0014:1238       B$ERR_FAE
 0014:122F       B$ERR_FAO
 0014:11F9       B$ERR_FC
 0014:1294       B$ERR_FHC
 039F:0003       B$ERR_FI2_FO
 0014:1268       B$ERR_FNA
 0014:1229       B$ERR_FNF
 0014:1223       B$ERR_FOV
 0014:1232       B$ERR_FSA
 0014:126C       B$ERR_FV2
 039F:0006       B$ERR_FV2_FO
 0014:1253       B$ERR_FWP
 0014:1226       B$ERR_IFN
 039F:0039       B$ERR_IN_FO
 0014:1235       B$ERR_IOE
 039F:0051       B$ERR_IOR_FO
 039F:0060       B$ERR_IOU_FO
 039F:002D       B$ERR_IPI_FO
 039F:002A       B$ERR_IPV_FO
 0014:128A       B$ERR_LLI
 039F:0048       B$ERR_MBT_FO
 039F:000F       B$ERR_MCA_FO
 039F:004E       B$ERR_MDP_FO
 0014:128F       B$ERR_MEM
 039F:004B       B$ERR_MNM_FO
 039F:0054       B$ERR_MNO_FO
 039F:0063       B$ERR_NAC_FO
 0014:1271       B$ERR_NAF
 039F:0066       B$ERR_NAF_FO
 039F:0009       B$ERR_NCA_FO
 039F:0012       B$ERR_NC_FO
 0014:1276       B$ERR_NEC
 039F:0057       B$ERR_NFP_FO
 039F:0015       B$ERR_NI_FO
 039F:0036       B$ERR_NMM_FO
 0014:1285       B$ERR_NOL
 039F:0042       B$ERR_NOM_FO
 039F:0045       B$ERR_NON_FO
 0014:1214       B$ERR_NR
 0014:11F6       B$ERR_OD
 0014:11FF       B$ERR_OM
 0014:129E       B$ERR_OM_FH
 0014:129E       B$ERR_OM_NH
 039F:001B       B$ERR_OOL_FO
 039F:0000       B$ERR_OOT_FO
 039F:005D       B$ERR_OR1_FO
 0014:120E       B$ERR_OS
 0014:1280       B$ERR_OSS
 0014:121D       B$ERR_OTP
 039F:0024       B$ERR_OU_FO
 0014:11FC       B$ERR_OV
 039F:0030       B$ERR_PDO_FO
 039F:003C       B$ERR_PNA_FO
 039F:003F       B$ERR_PNC_FO
 0014:1265       B$ERR_PNF
 039F:0033       B$ERR_PRO_FO
 0014:1299       B$ERR_QQQ
 0014:125F       B$ERR_RAD
 0014:11F3       B$ERR_RG
 0014:1241       B$ERR_RPE
 0014:1220       B$ERR_RVR
 0014:11F0       B$ERR_SN
 0014:127B       B$ERR_SSC
 0014:1211       B$ERR_ST
 0014:120B       B$ERR_TM
 039F:0018       B$ERR_TMC_FO
 0014:124A       B$ERR_TMF
 0412:05E4       b$EventFlags
 0412:0261       b$EVTFLG
 0412:0492       b$EvtFrame
 0014:04FA       B$EXCY
 0014:04DD       B$EXFA
 0412:04A2       b$ExitCode
 0014:0468       B$EXSA
 0014:052E       B$EXTS
 02F7:078F       B$FAllocHandles
 0014:0562       B$FarRet
 0014:0563       B$FarRet1Parm
 02BD:01F8       B$FarRetText
 0412:069D       b$FBColors
 0014:0964       B$FCHR
 0412:04A3       b$fClrScrn
 02F7:080D       B$FCompactMove
 02F7:07F8       B$FCompactMoveHandles
 0014:0BA4       B$FERROR
 0014:175F       B$FHAdjDesc
 0014:177F       B$FHAdjDescSeg
 0014:1785       B$FHAdjDescSegSI
 0014:1543       B$FHAlloc
 0014:1721       B$FHByteSize
 0014:1582       B$FHByteToPara
 0014:14E1       B$FHClear
 0014:152F       B$FHClearRange
 0014:15F5       B$FHCompact
 0014:15C7       B$FHDealloc
 0014:15DA       B$FHDeallocFAR
 0412:026E       b$FHDEnd
 0412:0118       b$FHDStart
 0014:1415       B$FHIni
 0014:16DB       B$FHLowerTop
 0014:182F       B$FHMemDosCall
 0014:166D       B$FHMove
 0014:172F       B$FHParaSize
 0014:15DE       B$FHPrevDesc
 0014:15E1       B$FHPrevDescSI
 0014:16C7       B$FHRaiseTop
 0014:1EA5       B$FHRealloc
 0014:1E90       B$FHReallocFAR
 0014:173E       B$FHSelect
 0014:173B       B$FHSelectSI
 0014:1A78       B$FindFrame
 0412:0265       b$fInitState
 0412:0191       b$FInput
 0014:26A7       B$FixTextPage
 0014:09B9       B$FLEN
 0412:00D1       b$FOBUF
 0412:069D       b$ForeColor
 0412:06B4       b$ForeMapped
 0014:0CD0       B$FOUTBX
 0014:12AC       B$FrameAFE
 0014:12A6       B$FrameFC
 0014:12A1       B$FrameFNA
 0014:0A8B       B$FRAMESETUP
 02F7:0056       B$FReallocAdjustPpv
 02F7:0060       B$FReallocPpv
 02F7:03A3       B$FReallocStackCb
 02F7:0195       B$FreeAdjustPpv
 02F7:0192       B$FreeDataPpv
 02F7:071C       B$FreeHandle
 02F7:02FF       B$FreeHandleBlock
 02F7:0323       B$FreeHandleBlockCh
 02F7:0195       B$FreePpv
 0014:0C41       B$FreeSb
 0014:0C95       B$FreeSbRange
 02F7:005D       B$FResizePpv
 02BD:02A5       b$fStartupComplete
 0014:28FD       B$GetAspect
 0014:1FCD       B$GETCSRDATA
 0014:1CAC       B$GETDS
 0014:1CC4       B$GETERR
 0014:1CC0       B$GETERRFar
 0014:0A07       B$GETMODCODE
 0014:0A00       B$GETMODCODE2
 0412:0192       b$GetOneVal
 0014:219C       B$GetParm
 0014:1E53       B$GetVideoData
 0014:1A32       B$GetZStrLen
 0014:1FA0       B$GRMODE
 0014:1F95       B$GrScreenSize
 02F7:061C       B$HandleAlloc
 02F7:0278       B$HFirstAllocBlock
 0412:0670       B$hmemLmemGrowFlags
 0412:0690       b$HorzRes
 0412:04A6       B$hStack
 0412:066C       b$HugeDelta
 0412:066B       b$HugeShift
 0014:1556       B$IFHAlloc
 0014:1552       B$IFHAllocFAR
 0014:1556       B$IFHAllocNS
 0412:0152       b$Incr1
 0412:0154       b$Incr2
 0412:0156       b$IncrY
 0014:0575       B$Init
 0014:0BC4       B$InitCHeap
 0014:2870       B$InitModeData
 0412:06A0       b$InitPalette
 0014:1B97       B$InitSb
 0014:1B93       B$InitSbFAR
 0014:03C7       B$InpReset
 0014:2015       B$INSCSR
 0412:067C       b$InsCsrStop
 0412:067C       b$InsCsrTyp
 0014:11B5       B$IOCLOS
 0412:066A       b$IOFLAG
 0014:1151       B$IOINI
 0412:05E2       b$IPOLKEY
 0014:1850       B$IRefString
 0014:0640       b$IsamRtmUsed
 0412:05E6       b$IsamTimeSS
 0412:00F6       b$KEY_SW
 0014:0030       B$LDFS
 0412:06C6       b$LeftC
 0412:015C       B$LEOFST
 0412:05CA       b$LINCNT
 0412:06E0       b$LineV
 0412:06DC       b$LineX
 0412:06DE       b$LineY
 0014:0EFA       B$LPTECHOStub
 0412:0473       b$LPTFDB
 0014:0D8D       B$LSET
 0412:0107       b$MACHID
 0412:0465       b$mainframe
 0014:28A6       B$MapVWC
 0412:06C4       b$MapXYC
 0412:0146       b$MaskC
 0412:06B9       b$MaskLeft
 0412:06BA       b$MaskRight
 0412:0696       b$MaxAttr
 0412:0697       b$MaxColor
 0412:069B       b$MaxPage
 03AD:0008       b$messages
 0412:068A       b$ModeData
 0412:06BE       b$ModMask
 0412:0133       b$Monitor
 02F7:04CA       B$MoveFreeAdjust
 02F7:0957       B$MoveFreeBlock
 02F7:095A       B$MoveFreeBlockBX
 02F7:04C4       B$MoveStackBase
 0412:026E       B$mpsbps
 0412:0462       b$mpsbps_end
 0412:0124       b$MUSIC
 0014:1150       B$NearRet
 0014:1150       B$NearRetAssert
 0014:1150       B$NearRetEvent
 0412:0105       b$NetCard
 0412:0235       b$NextFreeDSASb
 0412:0231       b$nmalloc_end
 0412:022F       b$nmalloc_start
 02BD:005C       B$NoMath
 0412:06E4       b$NReadL
 0412:06E8       b$NSetC
 0412:0662       b$nuldes
 0412:069C       b$NullColor
 0412:06E6       b$NWriteL
 0412:0148       b$OffC
 0014:202A       B$OFFCSR
 0412:0129       b$OldScrnBurst
 0014:06AD       B$OneTimeTerm
 0412:0682       b$OrgBiosMode
 0412:0680       b$OrgCsrTyp
 0412:012E       b$OrgEquip
 0412:0688       b$orglen
 0412:0685       b$OrgPages
 0412:0683       b$OrgScrBst
 0412:0687       b$OrgScrDim
 0014:03A9       B$OutBlanks
 0014:105A       B$OUTCNT
 0014:292A       B$OutWord
 0014:13EB       B$OVFR
 0412:049A       B$OvlCurStub
 0412:0498       B$OvlStackPtrStub
 0014:2010       B$OVWCSR
 0412:0698       b$PageSize
 0412:0136       b$PageTable
 0412:014C       b$PaintBorder
 0412:06EA       b$PaintBound
 0412:06AC       b$PalPut
 0412:06AA       b$PalReset
 0412:06B0       b$PalSet
 0412:06AE       b$PalTrans
 0014:0E43       B$Pause
 0412:022D       b$pBC_SAB
 0014:01D0       B$PCI2
 0014:01DA       B$PCI4
 0014:01E9       B$PCSD
 0014:01D5       B$PEI2
 0014:01E4       B$PEI4
 0412:0146       b$PenC
 0412:0229       b$pend
 0412:022B       b$pendchk
 0014:035F       B$PEOS
 0014:01F3       B$PESD
 0412:0233       b$pFDMDIForm
 0412:06BB       b$PixelsPerByte
 0412:0151       b$PlaneMask
 0412:06B6       b$Planes
 0412:0016       B$pmiCur
 0412:0257       b$pOvlCur
 0412:023F       b$pOvlLoad
 0412:024F       b$pOvlPostShell
 0412:024B       b$pOvlPreShell
 0412:0243       b$pOvlReload
 0412:025B       b$pOvlRet
 0412:0247       b$pOvlSearchMod
 0412:0253       b$pOvlStackPtr
 0412:017F       b$pPrintNum
 0412:017D       b$pPrintStr
 02F7:0002       B$PpvAllocAdjustCb
 02F7:0006       B$PpvAllocCb
 02F7:036F       B$PpvAllocStackCb
 0412:017C       b$PRFG
 0014:0209       B$PRINT
 0014:1021       B$PRINTNUM
 0014:032E       B$PrintReset
 0014:02B8       B$PRTCHK
 0412:0668       b$PrtFDBHandle
 0412:017A       b$psd
 0014:0206       B$PSI2
 0014:01DF       B$PSI4
 0014:01EE       B$PSSD
 0412:0229       B$pStackBot
 0412:0666       b$pStrList
 0412:048C       b$PTRFIL
 0412:0476       b$PUDS
 0412:06E2       b$PutAction
 0014:13BC       B$PUTCHR
 0014:138D       B$PUTCR
 0014:13A7       B$PUTHB
 0014:136D       B$PUTNUM
 0014:1024       B$PUTS
 0014:13C5       B$PUTUI
 0412:06F2       b$PutVector
 02F7:01DF       B$PvAllocData
 02F7:09C0       B$PvAllocFixedCb
 0412:0237       b$pXECIB
 0412:0239       b$pXECIE
 0412:0104       b$RcoFlg
 0412:06D2       b$ReadC
 0014:1981       B$ReallocHandle
 0014:190E       B$ReallocHandleSave
 0014:190E       B$ReallocTemp
 0014:1863       B$RefString
 0014:1860       B$RefStringArgLast
 0014:1854       B$RefStringArgLastFAR
 0014:185C       B$REFSTRINGFAR
 0014:18A0       B$RefStrLen
 0014:189D       B$RefStrLenArgLast
 0014:1858       B$RefStrLenFAR
 0412:015E       B$REOFST
 0014:2931       B$ResetEGA
 0014:21F1       B$RESETSCN
 0000:0004  Abs  b$RightMath
 0412:05D5       b$RndVar
 0014:0D70       B$RSET
 0014:05CA       B$RTCLR
 0014:10D2       B$RTLLINI
 0014:112B       B$RTLLTERM
 0412:0260       b$RTMOverlayStart
 0014:12B3       B$RUNERR
 0014:08B6       B$SACT
 0014:0725       B$SAS1
 0014:0700       B$SASF
 0014:0725       B$SASS
 0412:048E       b$SaveBP
 0412:014E       b$SaveCa
 0412:0150       b$SaveCm
 0412:0288       B$SbCommon
 0412:04A4       B$sbCur
 0412:0270       B$SbDgroup
 0412:028E       B$SbEdit
 0412:0276       B$SbFile
 0412:0282       B$SbModString
 0014:0C6A       B$SbScanNext
 0014:0C84       B$SbScanNextHigh
 0412:027C       B$SbString
 0412:06EE       b$ScanL
 0412:06F0       b$ScanR
 0014:0817       B$SCAT
 0014:2363       B$SCINIT
 0014:235F       B$SCINITFAR
 0014:0980       B$SCMP
 0014:10B4       B$SCNCLR
 0014:0F8A       B$SCNCRLF
 0014:1F8C       B$SCNIO
 0014:1FFE       B$SCNLOC
 0014:1BDF       B$SCNSWI
 0014:01AA       B$SCPF
 0014:0164       B$SCPY
 0014:261E       B$Screen0
 0014:2290       B$ScreenInit
 0412:068A       b$ScreenMode
 0014:2181       B$ScreenN
 0014:0E84       B$ScreenOut
 0412:068F       b$ScrHeight
 0412:05CB       b$SCRNWIDTH
 0014:0FF5       B$SCRN_GPOS
 0014:10A7       B$SCRN_STROUT
 0014:214D       B$SCROLL
 0014:1D49       B$SCROUT
 0412:068E       b$ScrWidth
 0014:0817       B$SCT1
 0412:04A8       b$SDBuf1
 0412:0263       b$seg
 0412:014A       b$SegC
 0014:1143       B$SEGINI
 0412:023B       b$segOvlThunk
 0014:1FAB       B$SELAPG
 0014:1FA6       B$SELVPG
 0014:239F       B$SetAdapter
 0412:06D0       b$SetAttr
 0412:06D4       b$SetC
 0412:06B2       b$SetColor
 0014:1FFA       B$SETCSR
 039B:000A       B$SetCtrlCState
 02F7:0447       B$SetLocalNotify
 0014:17AB       B$SETM
 0412:06A6       b$SetMode
 0412:06A8       b$SetPages
 0412:06D6       b$SetPixC
 0412:06D8       b$SetPixFirstC
 0412:06DA       b$SetPixLastC
 0014:21B9       B$SETSCNDATA
 0412:06EC       b$SetTile
 0412:00D0       b$SIGN
 0014:2002       B$SlowUsrCsr
 0412:0020       b$SOFT_KEYS
 0014:1A90       B$SSClearRange
 02EC:0088       B$STACKINIT
 0014:017E       B$STD1
 0014:0171       B$STDL
 0014:1E72       B$STDPUT
 0014:0000       B$STI2
 0014:000F       B$STI4
 0412:00BC       b$StkBottom
 0014:0AF4       B$STOP
 0014:0AEB       B$STP1
 0397:000E       B$STR1
 0014:1A45       B$StrAlcTmpCopy
 0014:18E0       B$StrAlcTmpCopySH
 0014:18DC       B$StrAlcTmpCopySHFAR
 0014:1A5A       B$StrDelAllTemps
 0014:1B2E       B$StrInit
 0014:1997       B$StrPutZ
 0014:18B7       B$StrRefreshDsSi
 0014:1D60       B$STRSOUT
 0412:0020       b$STRTAB
 0412:0050       b$STRTAB_END
 0412:05E8       b$StrTempSp
 0014:001E       B$STR_COMMON
 0014:00B4       B$SWPN
 0014:0130       B$SWSD
 0412:04AE       b$TempSD
 0412:0662       b$TempSDEnd
 0412:05EA       b$TempSDs
 0412:04B2       b$TempStrPtr
 0014:0695       B$TERM
 02BD:01AE       B$terminate
 0412:014D       b$Tiling
 0014:1C67       B$ToLower
 0014:1C5F       B$ToUpper
 0014:1C5A       B$ToUpperNoAccent
 02F7:03EC       B$TransferStack
 0014:1BF7       b$Translation_Table
 0412:0472       b$TTYP
 0014:0FEA       B$TTY_GPOS
 0014:0FFC       B$TTY_GWID
 0014:0E97       B$TTY_SOUT
 0014:105A       B$TYPBUFCNT
 0014:104B       B$TYPCNT
 0014:1041       B$TYPSTR
 0412:00C2       b$UcodeOff
 0412:00C4       b$UcodeSeg
 0412:06CA       b$UpC
 0014:1CA1       B$UPCASE
 0014:1099       B$UPDATE_CSR
 0412:0463       b$userflags
 0014:201A       B$USRCSR
 0412:0677       b$UsrCsrOn
 0412:067F       b$UsrCsrStart
 0412:067E       b$UsrCsrStop
 0412:067E       b$UsrCsrTyp
 0412:0471       B$VALTYP
 0412:015A       B$VBOFST
 0412:0181       b$VECS
 0412:0692       b$VertRes
 0412:0128       b$VGAmodesH
 0412:0694       b$VideoBase
 0412:0134       b$VideoMem
 0014:10BE       B$VIEWINIT
 0412:012C       B$VIEWSC
 0412:012B       B$VIEWSW
 0412:0164       B$VLMASK
 0412:0160       B$VLOFST
 0412:0165       B$VRMASK
 0412:0162       B$VROFST
 0412:0158       B$VTOFST
 0412:0471       b$VTYP
 0014:0396       B$WCHSET
 0412:05CD       b$WDOBOT
 0412:05CC       b$WDOTOP
 0412:066E       B$wFillZero
 0412:067B       b$WHDSP
 0014:07E7       B$WhichSb
 0014:10AD       B$WHOME
 0014:03E1       B$WRIT
 0412:0014       B$_ppvZero
 0412:0012       B$_pvZero
 0000:00B4       PR_ADD
 0000:00D9       PR_FILL
 0000:011A       PR_SHOW
 0412:0194       STKHQQ
 0014:005E       STRINGASSIGN
 0014:09B9       STRINGLENGTH
 0014:017E       STRINGRELEASE
 02BB:0004       _b$sd
 0412:0746       _edata
 0412:0750       _end
 0412:01D6       _errno
 02BD:0133       _exit
 02EC:0002       _main
 0412:0194       _STKHQQ
 0412:0196       __aaltstkovr
 0412:01D8       __acfinfo
 0412:0223       __acmdln
 0412:0225       __acmdseg
 0000:9876  Abs  __acrtmsg
 0000:9876  Abs  __acrtused
 0000:D6D6  Abs  __aDBdoswp
 0412:019A       __adbgmsg
 0412:0227       __aenvseg
 0412:01A2       __aexit_rtn
 02BD:0024       __aFchkstk
 0412:01E6       __aintdiv
 02BD:01E0       __amsg_exit
 0412:0194       __anullsize
 0412:0496       __aseghi
 0412:0494       __aseglo
 0412:019E       __asizds
 02BD:01EC       __astart
 0412:01A0       __atopsp
 0412:01C8       __bheap
 0412:022D       __bpBC_SAB
 02BD:0142       __cexit
 0412:021C       __child
 02BD:0024       __chkstk
 02BD:005E       __cinit
 02BD:02A8       __cintDIV
 02BD:01B5       __ctermsub
 0412:05D9       __CYTenThou
 02BD:0149       __c_exit
 02BD:02B6       __dataseg
 0412:01FE       __doserrno
 0412:01FB       __dosvermajor
 0412:01FC       __dosverminor
 0412:0746       __edata
 0412:0750       __end
 0412:021A       __environ
 02BD:004B       __execve
 02BD:013A       __exit
 0412:01EA       __exitflag
 0412:01EB       __fac
 0412:0678       __fDosExt
 0014:13E0       __FF_MSGBANNER
 0412:01BA       __fheap
 02BD:02B8       __FMSG_TEXT
 0412:072A       __fpinit
 02BD:0010       __fpreset
 02BD:0056       __fptrap
 0412:0200       __nfile
 0412:01A6       __nheap_desc
 02BD:0048       __nullcheck
 0412:01FE       __oserr
 0412:0202       __osfile
 0412:01FB       __osmajor
 0412:01FC       __osminor
 0412:01FD       __osmode
 0412:01FB       __osversion
 0412:021E       __pgmptr
 0412:01F9       __psp
 0412:01F7       __pspadr
 02BD:004B       __spawnve
 0412:01F5       __umaskval
 0412:073E       ___aDBcallbk
 0412:073C       ___aDBexit
 0412:0742       ___aDBptrchk
 0412:073A       ___aDBrterr
 0412:0738       ___aDBswpchk
 0412:0736       ___aDBswpflg
 0412:0216       ___argc
 0412:0218       ___argv
 0412:0744       ___qczrinit

  Address         Publics by Value

 0000:0004  Abs  b$RightMath
 0000:000D  Abs  b$cfileln
 0000:00B4       PR_ADD
 0000:00D9       PR_FILL
 0000:011A       PR_SHOW
 0014:0000       B$STI2
 0014:000F       B$STI4
 0014:001E       B$STR_COMMON
 0014:0030       B$LDFS
 0014:005E       STRINGASSIGN
 0014:005E       B$ASSN
 0014:00B4       B$SWPN
 0014:0130       B$SWSD
 0014:0164       B$SCPY
 0014:0171       B$STDL
 0014:017E       B$STD1
 0014:017E       STRINGRELEASE
 0014:01AA       B$SCPF
 0014:01D0       B$PCI2
 0014:01D5       B$PEI2
 0014:01DA       B$PCI4
 0014:01DF       B$PSI4
 0014:01E4       B$PEI4
 0014:01E9       B$PCSD
 0014:01EE       B$PSSD
 0014:01F3       B$PESD
 0014:0206       B$PSI2
 0014:0209       B$PRINT
 0014:02B8       B$PRTCHK
 0014:032E       B$PrintReset
 0014:035F       B$PEOS
 0014:0396       B$WCHSET
 0014:03A9       B$OutBlanks
 0014:03C7       B$InpReset
 0014:03E1       B$WRIT
 0014:0406       B$ENRD
 0014:0417       B$ENRA
 0014:0468       B$EXSA
 0014:04DD       B$EXFA
 0014:04FA       B$EXCY
 0014:052E       B$EXTS
 0014:0562       B$FarRet
 0014:0563       B$FarRet1Parm
 0014:0575       B$Init
 0014:05CA       B$RTCLR
 0014:062E       B$DSG0
 0014:0633       B$DSEG
 0014:0640       b$IsamRtmUsed
 0014:0640       B$CENP
 0014:065C       B$CENC
 0014:0665       B$CEND
 0014:0679       B$END
 0014:0695       B$TERM
 0014:06AD       B$OneTimeTerm
 0014:06E1       B$BREAK
 0014:0700       B$SASF
 0014:0725       B$SAS1
 0014:0725       B$SASS
 0014:07B4       B$AllocDestStr
 0014:07E7       B$WhichSb
 0014:0817       B$SCAT
 0014:0817       B$SCT1
 0014:08B6       B$SACT
 0014:0964       B$FCHR
 0014:0980       B$SCMP
 0014:09B9       STRINGLENGTH
 0014:09B9       B$FLEN
 0014:0A00       B$GETMODCODE2
 0014:0A07       B$GETMODCODE
 0014:0A8B       B$FRAMESETUP
 0014:0A97       B$ENSD
 0014:0AAA       B$ENSA
 0014:0AE7       B$ENFA
 0014:0AEB       B$STP1
 0014:0AF4       B$STOP
 0014:0B73       B$CALCLINE
 0014:0BA4       B$FERROR
 0014:0BC4       B$InitCHeap
 0014:0C00       B$CbAllocSb
 0014:0C07       B$CbReallocSb
 0014:0C41       B$FreeSb
 0014:0C50       B$CbSizeSb
 0014:0C6A       B$SbScanNext
 0014:0C84       B$SbScanNextHigh
 0014:0C95       B$FreeSbRange
 0014:0CD0       B$FOUTBX
 0014:0D24       B$ASCRND
 0014:0D70       B$RSET
 0014:0D8D       B$LSET
 0014:0DE0       B$CNINI
 0014:0E01       B$CNKBDSET
 0014:0E14       B$CNKBDRESET
 0014:0E1F       B$CNTERM
 0014:0E43       B$Pause
 0014:0E84       B$ScreenOut
 0014:0E97       B$TTY_SOUT
 0014:0EFA       B$LPTECHOStub
 0014:0F5A       B$CHKLASTCOL
 0014:0F8A       B$SCNCRLF
 0014:0FEA       B$TTY_GPOS
 0014:0FF5       B$SCRN_GPOS
 0014:0FFC       B$TTY_GWID
 0014:1001       B$BEEP
 0014:1010       B$$TCR
 0014:1018       B$$WCHT
 0014:1021       B$PRINTNUM
 0014:1024       B$PUTS
 0014:1041       B$TYPSTR
 0014:104B       B$TYPCNT
 0014:105A       B$OUTCNT
 0014:105A       B$TYPBUFCNT
 0014:1099       B$UPDATE_CSR
 0014:10A7       B$SCRN_STROUT
 0014:10AD       B$WHOME
 0014:10B4       B$SCNCLR
 0014:10BE       B$VIEWINIT
 0014:10D0       b$BASDSG
 0014:10D2       B$RTLLINI
 0014:112B       B$RTLLTERM
 0014:1143       B$SEGINI
 0014:1150       B$NearRetEvent
 0014:1150       B$NearRetAssert
 0014:1150       B$NearRet
 0014:1151       B$IOINI
 0014:1197       B$BreakChkFar
 0014:119B       B$BREAK_CHK
 0014:11AF       B$DOS3CHECK
 0014:11B5       B$IOCLOS
 0014:11F0       B$ERR_SN
 0014:11F3       B$ERR_RG
 0014:11F6       B$ERR_OD
 0014:11F9       B$ERR_FC
 0014:11FC       B$ERR_OV
 0014:11FF       B$ERR_OM
 0014:1202       B$ERR_BS
 0014:1205       B$ERR_DD
 0014:1208       B$ERR_DV0
 0014:120B       B$ERR_TM
 0014:120E       B$ERR_OS
 0014:1211       B$ERR_ST
 0014:1214       B$ERR_NR
 0014:1217       B$ERR_DTO
 0014:121A       B$ERR_DVF
 0014:121D       B$ERR_OTP
 0014:1220       B$ERR_RVR
 0014:1223       B$ERR_FOV
 0014:1226       B$ERR_IFN
 0014:1229       B$ERR_FNF
 0014:122C       B$ERR_BFM
 0014:122F       B$ERR_FAO
 0014:1232       B$ERR_FSA
 0014:1235       B$ERR_IOE
 0014:1238       B$ERR_FAE
 0014:123B       B$ERR_BRL
 0014:123E       B$ERR_DFL
 0014:1241       B$ERR_RPE
 0014:1244       B$ERR_BRN
 0014:1247       B$ERR_BFN
 0014:124A       B$ERR_TMF
 0014:124D       B$ERR_DNA
 0014:1250       B$ERR_CBO
 0014:1253       B$ERR_FWP
 0014:1256       B$ERR_DNR
 0014:1259       B$ERR_DME
 0014:125C       B$ERR_AFE
 0014:125F       B$ERR_RAD
 0014:1262       B$ERR_ACD
 0014:1265       B$ERR_PNF
 0014:1268       B$ERR_FNA
 0014:126C       B$ERR_FV2
 0014:1271       B$ERR_NAF
 0014:1276       B$ERR_NEC
 0014:127B       B$ERR_SSC
 0014:1280       B$ERR_OSS
 0014:1285       B$ERR_NOL
 0014:128A       B$ERR_LLI
 0014:128F       B$ERR_MEM
 0014:1294       B$ERR_FHC
 0014:1299       B$ERR_QQQ
 0014:129E       B$ERR_OM_FH
 0014:129E       B$ERR_OM_NH
 0014:12A1       B$FrameFNA
 0014:12A6       B$FrameFC
 0014:12AC       B$FrameAFE
 0014:12B3       B$RUNERR
 0014:136D       B$PUTNUM
 0014:138D       B$PUTCR
 0014:13A7       B$PUTHB
 0014:13BC       B$PUTCHR
 0014:13C5       B$PUTUI
 0014:13E0       __FF_MSGBANNER
 0014:13E7       B$DIV0
 0014:13EB       B$OVFR
 0014:1415       B$FHIni
 0014:14AD       B$CheckMoveStack
 0014:14E1       B$FHClear
 0014:152F       B$FHClearRange
 0014:1543       B$FHAlloc
 0014:1552       B$IFHAllocFAR
 0014:1556       B$IFHAllocNS
 0014:1556       B$IFHAlloc
 0014:1582       B$FHByteToPara
 0014:15C7       B$FHDealloc
 0014:15DA       B$FHDeallocFAR
 0014:15DE       B$FHPrevDesc
 0014:15E1       B$FHPrevDescSI
 0014:15F5       B$FHCompact
 0014:166D       B$FHMove
 0014:16C7       B$FHRaiseTop
 0014:16DB       B$FHLowerTop
 0014:1721       B$FHByteSize
 0014:172F       B$FHParaSize
 0014:173B       B$FHSelectSI
 0014:173E       B$FHSelect
 0014:175F       B$FHAdjDesc
 0014:177F       B$FHAdjDescSeg
 0014:1785       B$FHAdjDescSegSI
 0014:17AB       B$SETM
 0014:182F       B$FHMemDosCall
 0014:1850       B$IRefString
 0014:1854       B$RefStringArgLastFAR
 0014:1858       B$RefStrLenFAR
 0014:185C       B$REFSTRINGFAR
 0014:1860       B$RefStringArgLast
 0014:1863       B$RefString
 0014:189D       B$RefStrLenArgLast
 0014:18A0       B$RefStrLen
 0014:18B7       B$StrRefreshDsSi
 0014:18DC       B$StrAlcTmpCopySHFAR
 0014:18E0       B$StrAlcTmpCopySH
 0014:190A       B$AlcTmpSHFAR
 0014:190E       B$ReallocTemp
 0014:190E       B$ReallocHandleSave
 0014:194E       B$AlcTmpSH
 0014:1981       B$ReallocHandle
 0014:1997       B$StrPutZ
 0014:19D3       B$AssureStrTemp
 0014:19EA       B$DelStrTempFAR
 0014:19EE       B$DelTempSH
 0014:1A0B       B$DelStrTemp
 0014:1A16       B$DelString
 0014:1A32       B$GetZStrLen
 0014:1A45       B$StrAlcTmpCopy
 0014:1A5A       B$StrDelAllTemps
 0014:1A78       B$FindFrame
 0014:1A90       B$SSClearRange
 0014:1B2E       B$StrInit
 0014:1B93       B$InitSbFAR
 0014:1B97       B$InitSb
 0014:1BC0       B$EnsureFI
 0014:1BCB       B$CRLF
 0014:1BDF       B$SCNSWI
 0014:1BF7       b$Translation_Table
 0014:1C5A       B$ToUpperNoAccent
 0014:1C5F       B$ToUpper
 0014:1C67       B$ToLower
 0014:1CA1       B$UPCASE
 0014:1CAC       B$GETDS
 0014:1CC0       B$GETERRFar
 0014:1CC4       B$GETERR
 0014:1CE0       B$CLRSCN
 0014:1D49       B$SCROUT
 0014:1D60       B$STRSOUT
 0014:1E2B       B$BLEEP
 0014:1E3D       B$CON_STROUT
 0014:1E53       B$GetVideoData
 0014:1E72       B$STDPUT
 0014:1E90       B$FHReallocFAR
 0014:1E94       B$CompactSB
 0014:1EA5       B$FHRealloc
 0014:1F8C       B$SCNIO
 0014:1F95       B$GrScreenSize
 0014:1FA0       B$GRMODE
 0014:1FA6       B$SELVPG
 0014:1FAB       B$SELAPG
 0014:1FCD       B$GETCSRDATA
 0014:1FFA       B$SETCSR
 0014:1FFE       B$SCNLOC
 0014:2002       B$SlowUsrCsr
 0014:2010       B$OVWCSR
 0014:2015       B$INSCSR
 0014:201A       B$USRCSR
 0014:202A       B$OFFCSR
 0014:202D       B$CSRDSP
 0014:214D       B$SCROLL
 0014:2181       B$ScreenN
 0014:219C       B$GetParm
 0014:21B9       B$SETSCNDATA
 0014:21F1       B$RESETSCN
 0014:228C       B$ErrorReturn
 0014:2290       B$ScreenInit
 0014:235F       B$SCINITFAR
 0014:2363       B$SCINIT
 0014:239F       B$SetAdapter
 0014:2547       B$ChkMonitor
 0014:261E       B$Screen0
 0014:26A7       B$FixTextPage
 0014:2870       B$InitModeData
 0014:28A6       B$MapVWC
 0014:28FD       B$GetAspect
 0014:2906       B$BumpDS
 0014:2912       B$BumpES
 0014:291E       B$DecDS
 0014:292A       B$OutWord
 0014:2931       B$ResetEGA
 0014:2980       b$ColorPalette
 0014:2990       b$EnhPalette
 0014:29A0       B$EgaPalReset
 0014:29A0       B$EgaPalResetB
 0014:29D0       B$EgaPalPutB
 0014:29D0       B$EgaPalPut
 0014:29F8       B$EgaPalTrans
 0014:2A1D       B$EgaPalSet
 02BB:0004       _b$sd
 02BD:0010       __fpreset
 02BD:0024       __chkstk
 02BD:0024       __aFchkstk
 02BD:0048       __nullcheck
 02BD:004B       __spawnve
 02BD:004B       __execve
 02BD:0056       __fptrap
 02BD:005C       B$NoMath
 02BD:005E       __cinit
 02BD:012B       B$cinitsub
 02BD:0133       _exit
 02BD:013A       __exit
 02BD:0142       __cexit
 02BD:0149       __c_exit
 02BD:01AE       B$terminate
 02BD:01B5       __ctermsub
 02BD:01E0       __amsg_exit
 02BD:01EC       __astart
 02BD:01F8       B$FarRetText
 02BD:02A5       b$fStartupComplete
 02BD:02A8       __cintDIV
 02BD:02B6       __dataseg
 02BD:02B8       __FMSG_TEXT
 02EC:0002       _main
 02EC:0088       B$STACKINIT
 02F7:0002       B$PpvAllocAdjustCb
 02F7:0006       B$PpvAllocCb
 02F7:0056       B$FReallocAdjustPpv
 02F7:005D       B$FResizePpv
 02F7:0060       B$FReallocPpv
 02F7:0192       B$FreeDataPpv
 02F7:0195       B$FreePpv
 02F7:0195       B$FreeAdjustPpv
 02F7:01DF       B$PvAllocData
 02F7:0278       B$HFirstAllocBlock
 02F7:02FF       B$FreeHandleBlock
 02F7:0323       B$FreeHandleBlockCh
 02F7:036F       B$PpvAllocStackCb
 02F7:03A3       B$FReallocStackCb
 02F7:03EC       B$TransferStack
 02F7:0447       B$SetLocalNotify
 02F7:048E       B$CheckBlockMove
 02F7:04C4       B$MoveStackBase
 02F7:04CA       B$MoveFreeAdjust
 02F7:051A       B$AdjustDgroupPmi
 02F7:056F       B$CreateHeap
 02F7:05D5       B$CbCompactHeap
 02F7:061C       B$HandleAlloc
 02F7:071C       B$FreeHandle
 02F7:0729       B$CompactHandles
 02F7:078F       B$FAllocHandles
 02F7:07F8       B$FCompactMoveHandles
 02F7:080D       B$FCompactMove
 02F7:0957       B$MoveFreeBlock
 02F7:095A       B$MoveFreeBlockBX
 02F7:09BA       B$CorruptHeap
 02F7:09C0       B$PvAllocFixedCb
 0397:000E       B$STR1
 039B:000A       B$SetCtrlCState
 039F:0000       B$ERR_OOT_FO
 039F:0003       B$ERR_FI2_FO
 039F:0006       B$ERR_FV2_FO
 039F:0009       B$ERR_NCA_FO
 039F:000C       B$ERR_BCA_FO
 039F:000F       B$ERR_MCA_FO
 039F:0012       B$ERR_NC_FO
 039F:0015       B$ERR_NI_FO
 039F:0018       B$ERR_TMC_FO
 039F:001B       B$ERR_OOL_FO
 039F:001E       B$ERR_CLO_FO
 039F:0021       B$ERR_CUO_FO
 039F:0024       B$ERR_OU_FO
 039F:0027       B$ERR_CUN_FO
 039F:002A       B$ERR_IPV_FO
 039F:002D       B$ERR_IPI_FO
 039F:0030       B$ERR_PDO_FO
 039F:0033       B$ERR_PRO_FO
 039F:0036       B$ERR_NMM_FO
 039F:0039       B$ERR_IN_FO
 039F:003C       B$ERR_PNA_FO
 039F:003F       B$ERR_PNC_FO
 039F:0042       B$ERR_NOM_FO
 039F:0045       B$ERR_NON_FO
 039F:0048       B$ERR_MBT_FO
 039F:004B       B$ERR_MNM_FO
 039F:004E       B$ERR_MDP_FO
 039F:0051       B$ERR_IOR_FO
 039F:0054       B$ERR_MNO_FO
 039F:0057       B$ERR_NFP_FO
 039F:005A       B$ERR_CNF_FO
 039F:005D       B$ERR_OR1_FO
 039F:0060       B$ERR_IOU_FO
 039F:0063       B$ERR_NAC_FO
 039F:0066       B$ERR_NAF_FO
 039F:0069       B$ERR_CRI_FO
 03AD:0008       b$messages
 0412:0012       B$_pvZero
 0412:0014       B$_ppvZero
 0412:0016       B$pmiCur
 0412:0020       b$STRTAB
 0412:0020       b$SOFT_KEYS
 0412:0050       b$STRTAB_END
 0412:00BC       b$StkBottom
 0412:00C2       b$UcodeOff
 0412:00C4       b$UcodeSeg
 0412:00C6       b$ComPort
 0412:00D0       b$SIGN
 0412:00D1       b$FOBUF
 0412:00F6       b$KEY_SW
 0412:00F7       b$cbERSTR
 0412:0101       b$ERDEV
 0412:0104       b$RcoFlg
 0412:0105       b$NetCard
 0412:0106       b$DOS_INT_MASK
 0412:0107       b$MACHID
 0412:0114       b$Clearing
 0412:0115       b$errvec
 0412:0118       b$FHDStart
 0412:0120       b$AFHDStart
 0412:0122       b$curseg
 0412:0124       b$MUSIC
 0412:0128       b$VGAmodesH
 0412:0129       b$OldScrnBurst
 0412:012B       B$VIEWSW
 0412:012C       B$VIEWSC
 0412:012D       b$EgaPalSup
 0412:012E       b$OrgEquip
 0412:012F       b$CurEquip
 0412:0131       b$CgaInfo
 0412:0132       b$Adapter
 0412:0133       b$Monitor
 0412:0134       b$VideoMem
 0412:0136       b$PageTable
 0412:0146       b$PenC
 0412:0146       b$MaskC
 0412:0147       b$AttrC
 0412:0148       b$OffC
 0412:0148       b$AddrC
 0412:014A       b$SegC
 0412:014C       b$PaintBorder
 0412:014D       b$Tiling
 0412:014E       b$SaveCa
 0412:0150       b$SaveCm
 0412:0151       b$PlaneMask
 0412:0152       b$Incr1
 0412:0154       b$Incr2
 0412:0156       b$IncrY
 0412:0158       B$VTOFST
 0412:015A       B$VBOFST
 0412:015C       B$LEOFST
 0412:015E       B$REOFST
 0412:0160       B$VLOFST
 0412:0162       B$VROFST
 0412:0164       B$VLMASK
 0412:0165       B$VRMASK
 0412:0166       b$BorderColor
 0412:017A       b$psd
 0412:017C       b$PRFG
 0412:017D       b$pPrintStr
 0412:017F       b$pPrintNum
 0412:0181       b$VECS
 0412:0191       b$FInput
 0412:0192       b$GetOneVal
 0412:0194       STKHQQ
 0412:0194       __anullsize
 0412:0194       _STKHQQ
 0412:0196       __aaltstkovr
 0412:019A       __adbgmsg
 0412:019E       __asizds
 0412:01A0       __atopsp
 0412:01A2       __aexit_rtn
 0412:01A6       __nheap_desc
 0412:01BA       __fheap
 0412:01C8       __bheap
 0412:01D6       _errno
 0412:01D8       __acfinfo
 0412:01E6       __aintdiv
 0412:01EA       __exitflag
 0412:01EB       __fac
 0412:01F5       __umaskval
 0412:01F7       __pspadr
 0412:01F9       __psp
 0412:01FB       __osversion
 0412:01FB       __dosvermajor
 0412:01FB       __osmajor
 0412:01FC       __dosverminor
 0412:01FC       __osminor
 0412:01FD       __osmode
 0412:01FE       __oserr
 0412:01FE       __doserrno
 0412:0200       __nfile
 0412:0202       __osfile
 0412:0216       ___argc
 0412:0218       ___argv
 0412:021A       __environ
 0412:021C       __child
 0412:021E       __pgmptr
 0412:0223       __acmdln
 0412:0225       __acmdseg
 0412:0227       __aenvseg
 0412:0229       b$pend
 0412:0229       B$pStackBot
 0412:022B       b$pendchk
 0412:022D       __bpBC_SAB
 0412:022D       b$pBC_SAB
 0412:022F       b$nmalloc_start
 0412:0231       b$nmalloc_end
 0412:0233       b$pFDMDIForm
 0412:0235       b$NextFreeDSASb
 0412:0237       b$pXECIB
 0412:0239       b$pXECIE
 0412:023B       b$segOvlThunk
 0412:023D       b$curovlSave
 0412:023F       b$pOvlLoad
 0412:0243       b$pOvlReload
 0412:0247       b$pOvlSearchMod
 0412:024B       b$pOvlPreShell
 0412:024F       b$pOvlPostShell
 0412:0253       b$pOvlStackPtr
 0412:0257       b$pOvlCur
 0412:025B       b$pOvlRet
 0412:0260       b$Chaining
 0412:0260       b$RTMOverlayStart
 0412:0261       b$EVTFLG
 0412:0263       b$seg
 0412:0265       b$fInitState
 0412:0266       $AC
 0412:0266       $DAC
 0412:0266       B$DAC
 0412:026A       B$AC
 0412:026E       B$mpsbps
 0412:026E       b$FHDEnd
 0412:0270       B$SbDgroup
 0412:0276       B$SbFile
 0412:027C       B$SbString
 0412:0282       B$SbModString
 0412:0288       B$SbCommon
 0412:028E       B$SbEdit
 0412:0462       b$mpsbps_end
 0412:0462       b$CtrlFlags
 0412:0463       b$userflags
 0412:0465       b$mainframe
 0412:0467       b$curframe
 0412:0469       b$errframe
 0412:046B       b$cFieldedFDBs
 0412:046D       b$CurSbString
 0412:046F       b$curlevel
 0412:0471       b$?TYP
 0412:0471       b$VTYP
 0412:0471       B$VALTYP
 0412:0472       b$TTYP
 0412:0473       b$LPTFDB
 0412:0476       b$PUDS
 0412:047C       b$erradr
 0412:0480       b$errmod
 0412:0484       b$errnum
 0412:0486       b$errlin
 0412:0488       b$cModErrors
 0412:048A       b$cLocalErrors
 0412:048C       b$PTRFIL
 0412:048E       b$SaveBP
 0412:0490       b$cCSubs
 0412:0492       b$EvtFrame
 0412:0494       __aseglo
 0412:0496       __aseghi
 0412:0498       B$OvlStackPtrStub
 0412:049A       B$OvlCurStub
 0412:049C       b$commonfirst
 0412:049E       b$commonlast
 0412:04A0       b$cFormsVisible
 0412:04A2       b$ExitCode
 0412:04A3       b$fClrScrn
 0412:04A4       B$sbCur
 0412:04A6       B$hStack
 0412:04A8       b$SDBuf1
 0412:04AE       b$TempSD
 0412:04B2       b$TempStrPtr
 0412:04B4       b$cbBuf1
 0412:04B6       b$Buf1
 0412:0537       b$Buf2
 0412:05B8       b$Buf3
 0412:05C8       b$CSRY
 0412:05C8       b$CURSOR
 0412:05C9       b$CSRX
 0412:05CA       b$LINCNT
 0412:05CB       b$SCRNWIDTH
 0412:05CC       b$WDOTOP
 0412:05CD       b$WDOBOT
 0412:05CE       b$ERDEVP
 0412:05D4       b$CRTWIDTH
 0412:05D5       b$RndVar
 0412:05D9       __CYTenThou
 0412:05E2       b$IPOLKEY
 0412:05E4       b$EventFlags
 0412:05E6       b$IsamTimeSS
 0412:05E8       b$StrTempSp
 0412:05EA       b$TempSDs
 0412:0662       b$nuldes
 0412:0662       b$TempSDEnd
 0412:0666       b$pStrList
 0412:0668       b$PrtFDBHandle
 0412:066A       b$IOFLAG
 0412:066B       b$HugeShift
 0412:066C       b$HugeDelta
 0412:066E       B$wFillZero
 0412:0670       B$hmemLmemGrowFlags
 0412:0672       b$CSRTYP
 0412:0674       b$CharColor
 0412:0674       b$CharPage
 0412:0675       b$ActPage
 0412:0675       b$CurPages
 0412:0677       b$UsrCsrOn
 0412:0678       __fDosExt
 0412:067A       b$DSP
 0412:067A       b$BLDSP
 0412:067B       b$WHDSP
 0412:067C       b$InsCsrStop
 0412:067C       b$InsCsrTyp
 0412:067E       b$UsrCsrStop
 0412:067E       b$UsrCsrTyp
 0412:067F       b$UsrCsrStart
 0412:0680       b$OrgCsrTyp
 0412:0682       b$OrgBiosMode
 0412:0683       b$OrgScrBst
 0412:0685       b$OrgPages
 0412:0687       b$OrgScrDim
 0412:0688       b$orglen
 0412:068A       b$ScreenMode
 0412:068A       b$ModeData
 0412:068B       b$Burst
 0412:068C       b$BiosMode
 0412:068E       b$ScrWidth
 0412:068F       b$ScrHeight
 0412:0690       b$HorzRes
 0412:0692       b$VertRes
 0412:0694       b$VideoBase
 0412:0696       b$MaxAttr
 0412:0697       b$MaxColor
 0412:0698       b$PageSize
 0412:0699       b$CurrPSize
 0412:069B       b$MaxPage
 0412:069C       b$NullColor
 0412:069D       b$ForeColor
 0412:069D       b$FBColors
 0412:069E       b$BackColor
 0412:069F       b$EgaWrMd
 0412:06A0       b$InitPalette
 0412:06A4       b$AlphaDim
 0412:06A6       b$SetMode
 0412:06A8       b$SetPages
 0412:06AA       b$PalReset
 0412:06AC       b$PalPut
 0412:06AE       b$PalTrans
 0412:06B0       b$PalSet
 0412:06B2       b$SetColor
 0412:06B4       b$ForeMapped
 0412:06B5       b$BitsPerPixel
 0412:06B6       b$Planes
 0412:06B7       b$BytesPerRow
 0412:06B9       b$MaskLeft
 0412:06BA       b$MaskRight
 0412:06BB       b$PixelsPerByte
 0412:06BD       b$DivShift
 0412:06BE       b$ModMask
 0412:06C0       b$Aspect
 0412:06C2       b$AspectInv
 0412:06C4       b$MapXYC
 0412:06C6       b$LeftC
 0412:06C8       b$ChkUpC
 0412:06CA       b$UpC
 0412:06CC       b$ChkDownC
 0412:06CE       b$DownC
 0412:06D0       b$SetAttr
 0412:06D2       b$ReadC
 0412:06D4       b$SetC
 0412:06D6       b$SetPixC
 0412:06D8       b$SetPixFirstC
 0412:06DA       b$SetPixLastC
 0412:06DC       b$LineX
 0412:06DE       b$LineY
 0412:06E0       b$LineV
 0412:06E2       b$PutAction
 0412:06E4       b$NReadL
 0412:06E6       b$NWriteL
 0412:06E8       b$NSetC
 0412:06EA       b$PaintBound
 0412:06EC       b$SetTile
 0412:06EE       b$ScanL
 0412:06F0       b$ScanR
 0412:06F2       b$PutVector
 0412:06F4       b$EightSpaces
 0412:072A       __fpinit
 0412:0736       ___aDBswpflg
 0412:0738       ___aDBswpchk
 0412:073A       ___aDBrterr
 0412:073C       ___aDBexit
 0412:073E       ___aDBcallbk
 0412:0742       ___aDBptrchk
 0412:0744       ___qczrinit
 0412:0746       _edata
 0412:0746       __edata
 0412:0750       _end
 0412:0750       __end
 0000:9876  Abs  __acrtmsg
 0000:9876  Abs  __acrtused
 0000:D6D6  Abs  __aDBdoswp

Program entry point at 02BD:01EC
